// 重构日志: 63333391
// 重构日志: 0346af3c
// 重构日志: e43787ca
// 重构日志: e456a6c4
// 重构日志: aba3ffce
// 同步 ID: b2a53fad @ Wed Jul 22 11:03:24 UTC 2026
// 同步 ID: 60e1d092 @ Fri Jul 24 11:01:00 UTC 2026
// 同步 ID: 5a2ec1f5 @ Fri Jul 24 13:48:43 UTC 2026
// 同步 ID: 9f15e552 @ Sat Jul 25 09:50:09 UTC 2026
// 重构日志: 6914620d
// 同步 ID: 6861f61e @ Sun Jul 26 05:31:17 UTC 2026
// 重构日志: ed43cdd6
// 同步 ID: 9c98bda9 @ Sun Jul 26 13:04:18 UTC 2026
// 重构日志: 1da6e126
// 重构日志: c83bcbbf
// 同步 ID: eb573bbb @ Sun Jul 26 23:43:14 UTC 2026
// 同步 ID: b985de3f @ Mon Jul 27 01:21:23 UTC 2026
// 重构日志: ec8d9001
// 同步 ID: 6bfdc2e8 @ Wed Jul 29 04:59:19 UTC 2026
// 同步 ID: 60ac0201 @ Wed Jul 29 11:47:42 UTC 2026
// 重构日志: 2f128930
// 重构日志: 776d6a93
// 重构日志: 86ac1beb
// 重构日志: e5f59824
// 重构日志: 4cc7dba7
// 同步 ID: c11095ea @ Sat Aug  1 20:55:19 UTC 2026
// 重构日志: 0d0754dc
// 同步 ID: 52305de4 @ Tue Aug  4 11:00:25 UTC 2026
// 同步 ID: 768ff14e @ Wed Aug  5 05:03:25 UTC 2026
// 同步 ID: 1fad45c6 @ Wed Aug  5 08:49:59 UTC 2026
